a = 2
b = 3.0
c = bla

[group]
a = 2
b = 3.0
c = bla